[Line: 4; Column: 11]	integer expexted but char found
