program
└──── program block
      ├──── VAR
      │     └──── var declaration
      │           ├──── new_var
      │           └──── integer
      └──── Compound statement
            └──── Empty statement

------------------------------------------------------------
|                         builtins                          |
------------------------------------------------------------
|            Type             |           integer           |
------------------------------------------------------------
|            Type             |           double            |
------------------------------------------------------------
|            Type             |            char             |
------------------------------------------------------------
|            Type             |           string            |
------------------------------------------------------------
|            Type             |           boolean           |
------------------------------------------------------------
------------------------------------------------------------
|                          global                           |
------------------------------------------------------------
|        Var        |      new_var      |      integer      |
------------------------------------------------------------
