program
└──── program block
      ├──── VAR
      │     └──── var declaration
      │           ├──── a
      │           └──── integer
      ├──── VAR
      │     └──── var declaration
      │           ├──── b
      │           └──── integer
      └──── Compound statement
            └──── Call statement
                  └──── write
                        └──── /
                              ├──── cast to double
                              │     └──── a
                              └──── cast to double
                                    └──── b

┌──────────────────────────────────────────────────────────────────────────────────────────────────────────────────────┐
│  builtins                                                                                                            │
├──────────────────────────────────────────────────────────────────────────────────────────────────────────────────────┤
│  Type             │  integer                                                                                         │
├──────────────────────────────────────────────────────────────────────────────────────────────────────────────────────┤
│  Type             │  double                                                                                          │
├──────────────────────────────────────────────────────────────────────────────────────────────────────────────────────┤
│  Type             │  char                                                                                            │
├──────────────────────────────────────────────────────────────────────────────────────────────────────────────────────┤
│  Type             │  string                                                                                          │
├──────────────────────────────────────────────────────────────────────────────────────────────────────────────────────┤
│  Type             │  boolean                                                                                         │
└──────────────────────────────────────────────────────────────────────────────────────────────────────────────────────┘
┌──────────────────────────────────────────────────────────────────────────────────────────────────────────────────────┐
│  global                                                                                                              │
├──────────────────────────────────────────────────────────────────────────────────────────────────────────────────────┤
│  Var              │  a                          │  integer                                                           │
├──────────────────────────────────────────────────────────────────────────────────────────────────────────────────────┤
│  Var              │  b                          │  integer                                                           │
└──────────────────────────────────────────────────────────────────────────────────────────────────────────────────────┘
