[Line: 1; Column: 11]	incompatible types: got 'boolean' expected 'string'
