[Line: 1; Column: 11]	incompatible types: got 'integer' expected 'char'
