[Line: 1; Column: 11]	incompatible types: got 'string' expected 'integer'
