program
└──── program block
      ├──── VAR
      │     └──── var declaration
      │           ├──── a
      │           ├──── integer
      │           └──── 1
      ├──── VAR
      │     └──── var declaration
      │           ├──── b
      │           ├──── STRING
      │           └──── 'some string'
      ├──── VAR
      │     └──── var declaration
      │           ├──── c
      │           ├──── char
      │           └──── 'c'
      ├──── VAR
      │     └──── var declaration
      │           ├──── d
      │           ├──── double
      │           └──── 1.1
      ├──── VAR
      │     └──── var declaration
      │           ├──── d1
      │           ├──── double
      │           └──── cast to double
      │                 └──── 11
      ├──── VAR
      │     └──── var declaration
      │           ├──── f
      │           ├──── boolean
      │           └──── FALSE
      ├──── VAR
      │     └──── var declaration
      │           ├──── t
      │           ├──── boolean
      │           └──── TRUE
      └──── Compound statement
            └──── Empty statement

------------------------------------------------------------
|                         builtins                          |
------------------------------------------------------------
|            Type             |           integer           |
------------------------------------------------------------
|            Type             |           double            |
------------------------------------------------------------
|            Type             |            char             |
------------------------------------------------------------
|            Type             |           string            |
------------------------------------------------------------
|            Type             |           boolean           |
------------------------------------------------------------
------------------------------------------------------------
|                          global                           |
------------------------------------------------------------
|        Var        |         a         |      integer      |
------------------------------------------------------------
|        Var        |         b         |      string       |
------------------------------------------------------------
|        Var        |         c         |       char        |
------------------------------------------------------------
|        Var        |         d         |      double       |
------------------------------------------------------------
|        Var        |        d1         |      double       |
------------------------------------------------------------
|        Var        |         f         |      boolean      |
------------------------------------------------------------
|        Var        |         t         |      boolean      |
------------------------------------------------------------
