[Line: 4; Column: 8]	boolean expected but integer found
