program
└──── program block
      ├──── VAR
      │     └──── var declaration
      │           ├──── i
      │           ├──── boolean
      │           └──── TRUE
      └──── Compound statement
            └──── IF
                  ├──── i
                  └──── Call statement
                        └──── write
                              └──── 'true'

┌──────────────────────────────────────────────────────────────────────────────────────────────────────────────────────┐
│  builtins                                                                                                            │
├──────────────────────────────────────────────────────────────────────────────────────────────────────────────────────┤
│  Type             │  integer                                                                                         │
├──────────────────────────────────────────────────────────────────────────────────────────────────────────────────────┤
│  Type             │  double                                                                                          │
├──────────────────────────────────────────────────────────────────────────────────────────────────────────────────────┤
│  Type             │  char                                                                                            │
├──────────────────────────────────────────────────────────────────────────────────────────────────────────────────────┤
│  Type             │  string                                                                                          │
├──────────────────────────────────────────────────────────────────────────────────────────────────────────────────────┤
│  Type             │  boolean                                                                                         │
└──────────────────────────────────────────────────────────────────────────────────────────────────────────────────────┘
┌──────────────────────────────────────────────────────────────────────────────────────────────────────────────────────┐
│  global                                                                                                              │
├──────────────────────────────────────────────────────────────────────────────────────────────────────────────────────┤
│  Var              │  i                          │  boolean                                                           │
└──────────────────────────────────────────────────────────────────────────────────────────────────────────────────────┘
