program
└──── program block
      ├──── VAR
      │     └──── var declaration
      │           ├──── i
      │           ├──── integer
      │           └──── 0
      └──── Compound statement
            └──── REPEAT
                  ├──── >
                  │     ├──── i
                  │     └──── 5
                  ├──── Call statement
                  │     └──── write
                  │           └──── i
                  └──── +=
                        ├──── i
                        └──── 1

┌──────────────────────────────────────────────────────────────────────────────────────────────────────────────────────┐
│  builtins                                                                                                            │
├──────────────────────────────────────────────────────────────────────────────────────────────────────────────────────┤
│  Type             │  integer                                                                                         │
├──────────────────────────────────────────────────────────────────────────────────────────────────────────────────────┤
│  Type             │  double                                                                                          │
├──────────────────────────────────────────────────────────────────────────────────────────────────────────────────────┤
│  Type             │  char                                                                                            │
├──────────────────────────────────────────────────────────────────────────────────────────────────────────────────────┤
│  Type             │  string                                                                                          │
├──────────────────────────────────────────────────────────────────────────────────────────────────────────────────────┤
│  Type             │  boolean                                                                                         │
└──────────────────────────────────────────────────────────────────────────────────────────────────────────────────────┘
┌──────────────────────────────────────────────────────────────────────────────────────────────────────────────────────┐
│  global                                                                                                              │
├──────────────────────────────────────────────────────────────────────────────────────────────────────────────────────┤
│  Var              │  i                          │  integer                                                           │
└──────────────────────────────────────────────────────────────────────────────────────────────────────────────────────┘
