[Line: 4; Column: 13]	boolean expected but integer found
