1 	 1 	 Integer 	 15 	 &017
2 	 1 	 Invalid integer expression
