1	1	String	Hello, World!	'Hello, World!'
2	1	String	I think this legal string literal	'I think this legal string literal'
3	1	Illegal char constant
