1 	 1 	 Identifire 	 abc 	 abc
1 	 5 	 Operator 	 Sub 	 -
1 	 7 	 Operator 	 Equal 	 =
2 	 1 	 Separator 	 Comma 	 ,
2 	 3 	 Separator 	 Dot 	 .
2 	 5 	 Illegal character '!'
