1 	 1 	 String 	 ''!Hello, Worl'''d''! 	 ''''''#33'Hello, Worl'''''''#100''''''#33
2 	 1 	 EOF 	 EOF 	 EOF