[Line: 12; Column: 2]	boolean is not readable type
