[Line: 4; Column: 11]	integer expexted but string found
