1	1	Integer	1337	1337
2	1	Integer	1337	%10100111001
3	1	Integer	1337	&2471
4	1	Integer	1337	$539
5	1	Integer	342391	&1234567
6	1	Integer	11259375	$ABCDEF
7	1	Integer	5	%101
7	5	Identifier	e	e
8	1	Integer	342391	&1234567
8	9	Identifier	A	A
9	1	Integer	11259375	$ABCDEF
9	8	Identifier	G	G
9	9	EOF
