1	1	Integer	255	$FF
2	1	Invalid integer expression
