1	1	Integer	1000000000	1000000000
2	1	Integer	2147483647	2147483647
[Line: 3; Column: 1]	Type overflow
