1	1	Integer	1000000000	%111011100110101100101000000000
2	1	Integer	2147483647	%1111111111111111111111111111111
[Line: 3; Column: 1]	Type overflow
