1	1	Identifier	abc	abc
1	5	Operator	Sub	-
1	7	Operator	Equal	=
2	1	Separator	Comma	,
2	3	Separator	Dot	.
[Line: 2; Column: 5]	Illegal character '!'
