1	1	String	H'ello,' world!'	'H''ello,'' world!'''
1	22	EOF