[Line: 2; Column: 5]	procedure dosomething is not declared
