program
└──── program block
      ├──── FUNCTION
      │     ├──── header
      │     │     ├──── dosomething
      │     │     └──── integer
      │     └──── block
      │           └──── Compound statement
      │                 └──── :=
      │                       ├──── result
      │                       └──── 20
      ├──── VAR
      │     └──── var declaration
      │           ├──── a
      │           └──── integer
      └──── Compound statement
            └──── :=
                  ├──── a
                  └──── dosomething

┌──────────────────────────────────────────────────────────────────────────────────────────────────────────────────────┐
│  builtins                                                                                                            │
├──────────────────────────────────────────────────────────────────────────────────────────────────────────────────────┤
│  Type             │  integer                                                                                         │
├──────────────────────────────────────────────────────────────────────────────────────────────────────────────────────┤
│  Type             │  double                                                                                          │
├──────────────────────────────────────────────────────────────────────────────────────────────────────────────────────┤
│  Type             │  char                                                                                            │
├──────────────────────────────────────────────────────────────────────────────────────────────────────────────────────┤
│  Type             │  string                                                                                          │
├──────────────────────────────────────────────────────────────────────────────────────────────────────────────────────┤
│  Type             │  boolean                                                                                         │
└──────────────────────────────────────────────────────────────────────────────────────────────────────────────────────┘
┌──────────────────────────────────────────────────────────────────────────────────────────────────────────────────────┐
│  global                                                                                                              │
├──────────────────────────────────────────────────────────────────────────────────────────────────────────────────────┤
│  Function         │  dosomething                │  integer                                                           │
├──────────────────────────────────────────────────────────────────────────────────────────────────────────────────────┤
    ┌──────────────────────────────────────────────────────────────────────────────────────────────────────────────────────┐
    │  dosomething params:                                                                                                 │
    ├──────────────────────────────────────────────────────────────────────────────────────────────────────────────────────┤
    ┌──────────────────────────────────────────────────────────────────────────────────────────────────────────────────────┐
    │  dosomething locals:                                                                                                 │
    ├──────────────────────────────────────────────────────────────────────────────────────────────────────────────────────┤
    │  Var              │  result                     │  integer                                                           │
    └──────────────────────────────────────────────────────────────────────────────────────────────────────────────────────┘
│  Var              │  a                          │  integer                                                           │
└──────────────────────────────────────────────────────────────────────────────────────────────────────────────────────┘
