program
└──── program block
      ├──── PROCEDURE
      │     ├──── header
      │     │     ├──── dosomething
      │     │     ├──── parameter
      │     │     │     ├──── d
      │     │     │     └──── double
      │     │     ├──── parameter
      │     │     │     ├──── int
      │     │     │     └──── integer
      │     │     ├──── parameter
      │     │     │     ├──── str
      │     │     │     └──── STRING
      │     │     ├──── parameter
      │     │     │     ├──── ch
      │     │     │     └──── char
      │     │     └──── parameter
      │     │           ├──── bool
      │     │           └──── boolean
      │     └──── block
      │           └──── Compound statement
      │                 └──── Empty statement
      └──── Compound statement
            └──── Call statement
                  └──── dosomething
                        ├──── 1
                        ├──── 1
                        ├──── 'aa'
                        ├──── 'a'
                        └──── TRUE

┌──────────────────────────────────────────────────────────────────────────────────────────────────────────────────────┐
│  builtins                                                                                                            │
├──────────────────────────────────────────────────────────────────────────────────────────────────────────────────────┤
│  Type             │  integer                                                                                         │
├──────────────────────────────────────────────────────────────────────────────────────────────────────────────────────┤
│  Type             │  double                                                                                          │
├──────────────────────────────────────────────────────────────────────────────────────────────────────────────────────┤
│  Type             │  char                                                                                            │
├──────────────────────────────────────────────────────────────────────────────────────────────────────────────────────┤
│  Type             │  string                                                                                          │
├──────────────────────────────────────────────────────────────────────────────────────────────────────────────────────┤
│  Type             │  boolean                                                                                         │
└──────────────────────────────────────────────────────────────────────────────────────────────────────────────────────┘
┌──────────────────────────────────────────────────────────────────────────────────────────────────────────────────────┐
│  global                                                                                                              │
├──────────────────────────────────────────────────────────────────────────────────────────────────────────────────────┤
│  Procedure        │  dosomething                │  No return type                                                    │
└──────────────────────────────────────────────────────────────────────────────────────────────────────────────────────┘
    ┌──────────────────────────────────────────────────────────────────────────────────────────────────────────────────────┐
    │  dosomething params:                                                                                                 │
    ├──────────────────────────────────────────────────────────────────────────────────────────────────────────────────────┤
    │  Parameter        │  d                          │  double                                                  │         │
    ├──────────────────────────────────────────────────────────────────────────────────────────────────────────────────────┤
    │  Parameter        │  int                        │  integer                                                 │         │
    ├──────────────────────────────────────────────────────────────────────────────────────────────────────────────────────┤
    │  Parameter        │  str                        │  string                                                  │         │
    ├──────────────────────────────────────────────────────────────────────────────────────────────────────────────────────┤
    │  Parameter        │  ch                         │  char                                                    │         │
    ├──────────────────────────────────────────────────────────────────────────────────────────────────────────────────────┤
    │  Parameter        │  bool                       │  boolean                                                 │         │
    └──────────────────────────────────────────────────────────────────────────────────────────────────────────────────────┘
    ┌──────────────────────────────────────────────────────────────────────────────────────────────────────────────────────┐
    │  dosomething locals:                                                                                                 │
    ├──────────────────────────────────────────────────────────────────────────────────────────────────────────────────────┤
    │  Parameter        │  d                          │  double                                                  │         │
    ├──────────────────────────────────────────────────────────────────────────────────────────────────────────────────────┤
    │  Parameter        │  int                        │  integer                                                 │         │
    ├──────────────────────────────────────────────────────────────────────────────────────────────────────────────────────┤
    │  Parameter        │  str                        │  string                                                  │         │
    ├──────────────────────────────────────────────────────────────────────────────────────────────────────────────────────┤
    │  Parameter        │  ch                         │  char                                                    │         │
    ├──────────────────────────────────────────────────────────────────────────────────────────────────────────────────────┤
    │  Parameter        │  bool                       │  boolean                                                 │         │
    └──────────────────────────────────────────────────────────────────────────────────────────────────────────────────────┘
