program
└──── program block
      ├──── VAR
      │     └──── var declaration
      │           ├──── a
      │           └──── integer
      ├──── VAR
      │     └──── var declaration
      │           ├──── b
      │           └──── double
      ├──── VAR
      │     └──── var declaration
      │           ├──── c
      │           └──── char
      ├──── VAR
      │     └──── var declaration
      │           ├──── d
      │           └──── STRING
      └──── Compound statement
            ├──── Call statement
            │     └──── read
            │           └──── a
            ├──── Call statement
            │     └──── read
            │           └──── b
            ├──── Call statement
            │     └──── read
            │           └──── c
            └──── Call statement
                  └──── read
                        └──── d

┌──────────────────────────────────────────────────────────────────────────────────────────────────────────────────────┐
│  builtins                                                                                                            │
├──────────────────────────────────────────────────────────────────────────────────────────────────────────────────────┤
│  Type             │  integer                                                                                         │
├──────────────────────────────────────────────────────────────────────────────────────────────────────────────────────┤
│  Type             │  double                                                                                          │
├──────────────────────────────────────────────────────────────────────────────────────────────────────────────────────┤
│  Type             │  char                                                                                            │
├──────────────────────────────────────────────────────────────────────────────────────────────────────────────────────┤
│  Type             │  string                                                                                          │
├──────────────────────────────────────────────────────────────────────────────────────────────────────────────────────┤
│  Type             │  boolean                                                                                         │
└──────────────────────────────────────────────────────────────────────────────────────────────────────────────────────┘
┌──────────────────────────────────────────────────────────────────────────────────────────────────────────────────────┐
│  global                                                                                                              │
├──────────────────────────────────────────────────────────────────────────────────────────────────────────────────────┤
│  Var              │  a                          │  integer                                                           │
├──────────────────────────────────────────────────────────────────────────────────────────────────────────────────────┤
│  Var              │  b                          │  double                                                            │
├──────────────────────────────────────────────────────────────────────────────────────────────────────────────────────┤
│  Var              │  c                          │  char                                                              │
├──────────────────────────────────────────────────────────────────────────────────────────────────────────────────────┤
│  Var              │  d                          │  string                                                            │
└──────────────────────────────────────────────────────────────────────────────────────────────────────────────────────┘
