program
└──── program block
      ├──── VAR
      │     └──── var declaration
      │           ├──── a
      │           └──── boolean
      ├──── VAR
      │     └──── var declaration
      │           ├──── b
      │           └──── boolean
      └──── Compound statement
            └──── :=
                  ├──── a
                  └──── b

┌──────────────────────────────────────────────────────────────────────────────────────────────────────────────────────┐
│  builtins                                                                                                            │
├──────────────────────────────────────────────────────────────────────────────────────────────────────────────────────┤
│  Type             │  integer                                                                                         │
├──────────────────────────────────────────────────────────────────────────────────────────────────────────────────────┤
│  Type             │  double                                                                                          │
├──────────────────────────────────────────────────────────────────────────────────────────────────────────────────────┤
│  Type             │  char                                                                                            │
├──────────────────────────────────────────────────────────────────────────────────────────────────────────────────────┤
│  Type             │  string                                                                                          │
├──────────────────────────────────────────────────────────────────────────────────────────────────────────────────────┤
│  Type             │  boolean                                                                                         │
└──────────────────────────────────────────────────────────────────────────────────────────────────────────────────────┘
┌──────────────────────────────────────────────────────────────────────────────────────────────────────────────────────┐
│  global                                                                                                              │
├──────────────────────────────────────────────────────────────────────────────────────────────────────────────────────┤
│  Var              │  a                          │  boolean                                                           │
├──────────────────────────────────────────────────────────────────────────────────────────────────────────────────────┤
│  Var              │  b                          │  boolean                                                           │
└──────────────────────────────────────────────────────────────────────────────────────────────────────────────────────┘
