[Line: 3; Column: 15]	';' expected but 'constant3' found
