[Line: 1; Column: 19]	Only one var can be initalized
