/
├──── *
│     ├──── hi_world
│     └──── -
│           ├──── hello_world
│           └──── goodbye_world
└──── bye_world
