program
└──── program block
      ├──── VAR
      │     └──── var declaration
      │           ├──── a
      │           └──── integer
      ├──── FUNCTION
      │     ├──── header
      │     │     ├──── pow
      │     │     ├──── parameter
      │     │     │     ├──── x
      │     │     │     └──── integer
      │     │     └──── integer
      │     └──── block
      │           └──── Compound statement
      │                 └──── :=
      │                       ├──── result
      │                       └──── *
      │                             ├──── x
      │                             └──── x
      └──── Compound statement
            └──── Call statement
                  └──── writeln
                        └──── pow
                              └──── a
