program
└──── program block
      ├──── VAR
      │     └──── var declaration
      │           ├──── sr, sf, ss
      │           └──── STRING
      ├──── FUNCTION
      │     ├──── header
      │     │     ├──── binadd
      │     │     ├──── parameter
      │     │     │     ├──── s1, s2
      │     │     │     └──── STRING
      │     │     └──── STRING
      │     └──── block
      │           ├──── VAR
      │           │     ├──── var declaration
      │           │     │     ├──── s
      │           │     │     └──── STRING
      │           │     └──── var declaration
      │           │           ├──── l, i, d, carry
      │           │           └──── byte
      │           └──── Compound statement
      │                 ├──── IF
      │                 │     ├──── >
      │                 │     │     ├──── length
      │                 │     │     │     └──── s1
      │                 │     │     └──── length
      │                 │     │           └──── s2
      │                 │     ├──── WHILE
      │                 │     │     ├──── <
      │                 │     │     │     ├──── length
      │                 │     │     │     │     └──── s2
      │                 │     │     │     └──── length
      │                 │     │     │           └──── s1
      │                 │     │     └──── :=
      │                 │     │           ├──── s2
      │                 │     │           └──── +
      │                 │     │                 ├──── '0'
      │                 │     │                 └──── s2
      │                 │     └──── WHILE
      │                 │           ├──── <
      │                 │           │     ├──── length
      │                 │           │     │     └──── s1
      │                 │           │     └──── length
      │                 │           │           └──── s2
      │                 │           └──── :=
      │                 │                 ├──── s1
      │                 │                 └──── +
      │                 │                       ├──── '0'
      │                 │                       └──── s1
      │                 ├──── :=
      │                 │     ├──── l
      │                 │     └──── length
      │                 │           └──── s1
      │                 ├──── :=
      │                 │     ├──── s
      │                 │     └──── ''
      │                 ├──── :=
      │                 │     ├──── carry
      │                 │     └──── 0
      │                 ├──── FOR
      │                 │     ├──── i
      │                 │     ├──── DOWNTO
      │                 │     │     ├──── l
      │                 │     │     └──── 1
      │                 │     └──── Compound statement
      │                 │           ├──── :=
      │                 │           │     ├──── d
      │                 │           │     └──── +
      │                 │           │           ├──── +
      │                 │           │           │     ├──── -
      │                 │           │           │     │     ├──── ord
      │                 │           │           │     │     │     └──── array access
      │                 │           │           │     │     │           ├──── s1
      │                 │           │           │     │     │           └──── i
      │                 │           │           │     │     └──── ord
      │                 │           │           │     │           └──── '0'
      │                 │           │           │     └──── -
      │                 │           │           │           ├──── ord
      │                 │           │           │           │     └──── array access
      │                 │           │           │           │           ├──── s2
      │                 │           │           │           │           └──── i
      │                 │           │           │           └──── ord
      │                 │           │           │                 └──── '0'
      │                 │           │           └──── carry
      │                 │           ├──── :=
      │                 │           │     ├──── carry
      │                 │           │     └──── div
      │                 │           │           ├──── d
      │                 │           │           └──── 2
      │                 │           ├──── :=
      │                 │           │     ├──── d
      │                 │           │     └──── mod
      │                 │           │           ├──── d
      │                 │           │           └──── 2
      │                 │           └──── :=
      │                 │                 ├──── s
      │                 │                 └──── +
      │                 │                       ├──── char
      │                 │                       │     └──── +
      │                 │                       │           ├──── d
      │                 │                       │           └──── ord
      │                 │                       │                 └──── '0'
      │                 │                       └──── s
      │                 ├──── IF
      │                 │     ├──── <>
      │                 │     │     ├──── carry
      │                 │     │     └──── 0
      │                 │     └──── :=
      │                 │           ├──── s
      │                 │           └──── +
      │                 │                 ├──── '1'
      │                 │                 └──── s
      │                 └──── :=
      │                       ├──── binadd
      │                       └──── s
      └──── Compound statement
            ├──── Call statement
            │     └──── writeln
            │           └──── 'введите 1-е двоичное число:'
            ├──── Call statement
            │     └──── readln
            │           └──── sf
            ├──── Call statement
            │     └──── writeln
            │           └──── 'введите 2-е двоичное число:'
            ├──── Call statement
            │     └──── readln
            │           └──── ss
            ├──── :=
            │     ├──── sr
            │     └──── binadd
            │           ├──── sf
            │           └──── ss
            └──── Call statement
                  └──── writeln
                        ├──── 'результат сложения = '
                        └──── sr
