program
└──── program block
      ├──── VAR
      │     └──── var declaration
      │           ├──── a
      │           └──── double
      ├──── VAR
      │     └──── var declaration
      │           ├──── b
      │           └──── double
      └──── Compound statement
            └──── Call statement
                  └──── write
                        └──── =
                              ├──── a
                              └──── b

┌──────────────────────────────────────────────────────────────────────────────────────────────────────────────────────┐
│  builtins                                                                                                            │
├──────────────────────────────────────────────────────────────────────────────────────────────────────────────────────┤
│  Type             │  integer                                                                                         │
├──────────────────────────────────────────────────────────────────────────────────────────────────────────────────────┤
│  Type             │  double                                                                                          │
├──────────────────────────────────────────────────────────────────────────────────────────────────────────────────────┤
│  Type             │  char                                                                                            │
├──────────────────────────────────────────────────────────────────────────────────────────────────────────────────────┤
│  Type             │  string                                                                                          │
├──────────────────────────────────────────────────────────────────────────────────────────────────────────────────────┤
│  Type             │  boolean                                                                                         │
└──────────────────────────────────────────────────────────────────────────────────────────────────────────────────────┘
┌──────────────────────────────────────────────────────────────────────────────────────────────────────────────────────┐
│  global                                                                                                              │
├──────────────────────────────────────────────────────────────────────────────────────────────────────────────────────┤
│  Var              │  a                          │  double                                                            │
├──────────────────────────────────────────────────────────────────────────────────────────────────────────────────────┤
│  Var              │  b                          │  double                                                            │
└──────────────────────────────────────────────────────────────────────────────────────────────────────────────────────┘
